
> speion@0.1.0 build
> next build

   Γû▓ Next.js 15.5.14

   Creating an optimized production build ...
node.exe : Failed to compile.
At line:1 char:1
+ & "C:\Program Files\nodejs/node.exe" 
"C:\Program Files\nodejs/node_mo ...
+ ~~~~~~~~~~~~~~~~~~~~~~~~~~~~~~~~~~~~~~~
~~~~~~~~~~~~~~~~~~~~~~~~~~~~~~
    + CategoryInfo          : NotSpecifi 
   ed: (Failed to compile.:String) [],   
  RemoteException
    + FullyQualifiedErrorId : NativeComm 
   andError
 

./src/app/about/about.module.css
Error: It looks like you're trying to 
use `tailwindcss` directly as a PostCSS 
plugin. The PostCSS plugin has moved to 
a separate package, so to continue using 
Tailwind CSS with PostCSS you'll need to 
install `@tailwindcss/postcss` and 
update your PostCSS configuration.
    at at (C:\Users\flami\OneDrive\Deskto
p\Speion\node_modules\tailwindcss\dist\li
b.js:38:1643)
    at LazyResult.runOnRoot (C:\Users\fla
mi\OneDrive\Desktop\Speion\node_modules\n
ext\node_modules\postcss\lib\lazy-result.
js:329:16)
    at LazyResult.runAsync (C:\Users\flam
i\OneDrive\Desktop\Speion\node_modules\ne
xt\node_modules\postcss\lib\lazy-result.j
s:258:26)
    at LazyResult.async (C:\Users\flami\O
neDrive\Desktop\Speion\node_modules\next\
node_modules\postcss\lib\lazy-result.js:1
60:30)
    at LazyResult.then (C:\Users\flami\On
eDrive\Desktop\Speion\node_modules\next\n
ode_modules\postcss\lib\lazy-result.js:40
4:17)

Import trace for requested module:
./src/app/about/about.module.css
./src/app/about/page.tsx

./src/app/blog/blog.module.css
Error: It looks like you're trying to 
use `tailwindcss` directly as a PostCSS 
plugin. The PostCSS plugin has moved to 
a separate package, so to continue using 
Tailwind CSS with PostCSS you'll need to 
install `@tailwindcss/postcss` and 
update your PostCSS configuration.
    at at (C:\Users\flami\OneDrive\Deskto
p\Speion\node_modules\tailwindcss\dist\li
b.js:38:1643)
    at LazyResult.runOnRoot (C:\Users\fla
mi\OneDrive\Desktop\Speion\node_modules\n
ext\node_modules\postcss\lib\lazy-result.
js:329:16)
    at LazyResult.runAsync (C:\Users\flam
i\OneDrive\Desktop\Speion\node_modules\ne
xt\node_modules\postcss\lib\lazy-result.j
s:258:26)
    at LazyResult.async (C:\Users\flami\O
neDrive\Desktop\Speion\node_modules\next\
node_modules\postcss\lib\lazy-result.js:1
60:30)
    at LazyResult.then (C:\Users\flami\On
eDrive\Desktop\Speion\node_modules\next\n
ode_modules\postcss\lib\lazy-result.js:40
4:17)

Import trace for requested module:
./src/app/blog/blog.module.css
./src/app/blog/page.tsx

./src/app/contact/contact.module.css
Error: It looks like you're trying to 
use `tailwindcss` directly as a PostCSS 
plugin. The PostCSS plugin has moved to 
a separate package, so to continue using 
Tailwind CSS with PostCSS you'll need to 
install `@tailwindcss/postcss` and 
update your PostCSS configuration.
    at at (C:\Users\flami\OneDrive\Deskto
p\Speion\node_modules\tailwindcss\dist\li
b.js:38:1643)
    at LazyResult.runOnRoot (C:\Users\fla
mi\OneDrive\Desktop\Speion\node_modules\n
ext\node_modules\postcss\lib\lazy-result.
js:329:16)
    at LazyResult.runAsync (C:\Users\flam
i\OneDrive\Desktop\Speion\node_modules\ne
xt\node_modules\postcss\lib\lazy-result.j
s:258:26)
    at LazyResult.async (C:\Users\flami\O
neDrive\Desktop\Speion\node_modules\next\
node_modules\postcss\lib\lazy-result.js:1
60:30)
    at LazyResult.then (C:\Users\flami\On
eDrive\Desktop\Speion\node_modules\next\n
ode_modules\postcss\lib\lazy-result.js:40
4:17)

Import trace for requested module:
./src/app/contact/contact.module.css
./src/app/contact/page.tsx

./src/app/services/services.module.css
Error: It looks like you're trying to 
use `tailwindcss` directly as a PostCSS 
plugin. The PostCSS plugin has moved to 
a separate package, so to continue using 
Tailwind CSS with PostCSS you'll need to 
install `@tailwindcss/postcss` and 
update your PostCSS configuration.
    at at (C:\Users\flami\OneDrive\Deskto
p\Speion\node_modules\tailwindcss\dist\li
b.js:38:1643)
    at LazyResult.runOnRoot (C:\Users\fla
mi\OneDrive\Desktop\Speion\node_modules\n
ext\node_modules\postcss\lib\lazy-result.
js:329:16)
    at LazyResult.runAsync (C:\Users\flam
i\OneDrive\Desktop\Speion\node_modules\ne
xt\node_modules\postcss\lib\lazy-result.j
s:258:26)
    at LazyResult.async (C:\Users\flami\O
neDrive\Desktop\Speion\node_modules\next\
node_modules\postcss\lib\lazy-result.js:1
60:30)
    at LazyResult.then (C:\Users\flami\On
eDrive\Desktop\Speion\node_modules\next\n
ode_modules\postcss\lib\lazy-result.js:40
4:17)

Import trace for requested module:
./src/app/services/services.module.css
./src/app/services/page.tsx

./src/app/work/work.module.css
Error: It looks like you're trying to 
use `tailwindcss` directly as a PostCSS 
plugin. The PostCSS plugin has moved to 
a separate package, so to continue using 
Tailwind CSS with PostCSS you'll need to 
install `@tailwindcss/postcss` and 
update your PostCSS configuration.
    at at (C:\Users\flami\OneDrive\Deskto
p\Speion\node_modules\tailwindcss\dist\li
b.js:38:1643)
    at LazyResult.runOnRoot (C:\Users\fla
mi\OneDrive\Desktop\Speion\node_modules\n
ext\node_modules\postcss\lib\lazy-result.
js:329:16)
    at LazyResult.runAsync (C:\Users\flam
i\OneDrive\Desktop\Speion\node_modules\ne
xt\node_modules\postcss\lib\lazy-result.j
s:258:26)
    at LazyResult.async (C:\Users\flami\O
neDrive\Desktop\Speion\node_modules\next\
node_modules\postcss\lib\lazy-result.js:1
60:30)
    at LazyResult.then (C:\Users\flami\On
eDrive\Desktop\Speion\node_modules\next\n
ode_modules\postcss\lib\lazy-result.js:40
4:17)

Import trace for requested module:
./src/app/work/work.module.css
./src/app/work/page.tsx


> Build failed because of webpack errors
